
2025-09-02 18:36:33,856 - getnode - INFO - main.py:25 - === 开始执行爬虫任务 ===
2025-09-02 18:36:45,811 - getnode - INFO - crawler.py:130 - 仓库搜索完成 | 总扫描仓库: 180 有效仓库: 180 跳过: 0
2025-09-02 18:36:45,812 - getnode - INFO - main.py:30 - 发现 180 个相关仓库
2025-09-02 18:36:45,812 - getnode - INFO - main.py:34 - 开始收集节点文件...
2025-09-02 18:36:57,696 - getnode - INFO - crawler.py:50 - 已使用API次数: 100/小时
2025-09-02 18:37:09,988 - getnode - INFO - crawler.py:50 - 已使用API次数: 200/小时
2025-09-02 18:37:24,392 - getnode - INFO - crawler.py:50 - 已使用API次数: 300/小时
2025-09-02 18:37:36,707 - getnode - INFO - crawler.py:50 - 已使用API次数: 400/小时
2025-09-02 18:37:48,585 - getnode - INFO - crawler.py:50 - 已使用API次数: 500/小时
2025-09-02 18:38:00,982 - getnode - INFO - crawler.py:50 - 已使用API次数: 600/小时
2025-09-02 18:38:13,947 - getnode - INFO - crawler.py:50 - 已使用API次数: 700/小时
2025-09-02 18:38:26,115 - getnode - INFO - crawler.py:50 - 已使用API次数: 800/小时
2025-09-02 18:38:38,317 - getnode - INFO - crawler.py:50 - 已使用API次数: 900/小时
2025-09-02 18:38:51,499 - getnode - INFO - crawler.py:50 - 已使用API次数: 1000/小时
2025-09-02 18:39:03,380 - getnode - INFO - crawler.py:50 - 已使用API次数: 1100/小时
2025-09-02 18:39:17,186 - getnode - INFO - crawler.py:50 - 已使用API次数: 1200/小时
2025-09-02 18:39:31,225 - getnode - INFO - crawler.py:50 - 已使用API次数: 1300/小时
2025-09-02 18:39:44,579 - getnode - INFO - crawler.py:50 - 已使用API次数: 1400/小时
2025-09-02 18:39:49,477 - getnode - INFO - main.py:38 - 总共发现 338 个节点文件
2025-09-02 18:39:49,478 - getnode - INFO - nodesjob.py:18 - 开始处理链接集合，共 338 个链接
2025-09-02 18:40:33,423 - getnode - INFO - nodesjob.py:74 - 链接处理完成。成功: 257, 失败: 81
2025-09-02 18:40:33,428 - getnode - WARNING - history_manager.py:15 - 历史配置文件不存在
2025-09-02 18:40:33,429 - getnode - INFO - history_manager.py:33 - 新节点：52126, 历史节点：0
2025-09-02 18:40:33,429 - getnode - INFO - nodesjob.py:560 - 开始保存节点结果到目录: output/all_subs
2025-09-02 18:40:33,429 - getnode - ERROR - nodesjob.py:599 - 保存结果时发生严重错误: [Errno 17] File exists: 'output/all_subs'
Traceback (most recent call last):
  File "/home/runner/work/getnode/getnode/src/nodesjob.py", line 561, in save_results
    os.makedirs(output_dir, exist_ok=True)
  File "/opt/hostedtoolcache/Python/3.10.18/x64/lib/python3.10/os.py", line 225, in makedirs
    mkdir(name, mode)
FileExistsError: [Errno 17] File exists: 'output/all_subs'
2025-09-02 18:40:33,451 - getnode - ERROR - main.py:71 - 执行失败: 文件保存失败
Traceback (most recent call last):
  File "/home/runner/work/getnode/getnode/main.py", line 51, in main
    raise RuntimeError("文件保存失败")
RuntimeError: 文件保存失败
2025-09-02 18:40:33,451 - getnode - INFO - main.py:79 - 
=== 文件处理统计 ===
• 扫描文件总数: 11117
• 因大小跳过:   203 (1.8%)
• 有效处理文件: 10914
=== 节点处理统计 ===
• 扫描节点总数: 98199
• 节点去重数:   46073
• 真实节点数:   52126

2025-09-06 15:42:57,646 - getnode - INFO - main.py:25 - === 开始执行爬虫任务 ===
2025-09-06 15:43:09,002 - getnode - INFO - crawler.py:130 - 仓库搜索完成 | 总扫描仓库: 180 有效仓库: 180 跳过: 0
2025-09-06 15:43:09,002 - getnode - INFO - main.py:30 - 发现 180 个相关仓库
2025-09-06 15:43:09,002 - getnode - INFO - main.py:34 - 开始收集节点文件...
2025-09-06 15:43:21,743 - getnode - INFO - crawler.py:50 - 已使用API次数: 100/小时
2025-09-06 15:43:33,648 - getnode - INFO - crawler.py:50 - 已使用API次数: 200/小时
2025-09-06 15:43:45,222 - getnode - INFO - crawler.py:50 - 已使用API次数: 300/小时
2025-09-06 15:43:56,458 - getnode - INFO - crawler.py:50 - 已使用API次数: 400/小时
2025-09-06 15:44:08,036 - getnode - INFO - crawler.py:50 - 已使用API次数: 500/小时
2025-09-06 15:44:19,368 - getnode - INFO - crawler.py:50 - 已使用API次数: 600/小时
2025-09-06 15:44:31,401 - getnode - INFO - crawler.py:50 - 已使用API次数: 700/小时
2025-09-06 15:44:43,540 - getnode - INFO - crawler.py:50 - 已使用API次数: 800/小时
2025-09-06 15:44:56,622 - getnode - INFO - crawler.py:50 - 已使用API次数: 900/小时
2025-09-06 15:45:09,655 - getnode - INFO - crawler.py:50 - 已使用API次数: 1000/小时
2025-09-06 15:45:22,172 - getnode - INFO - crawler.py:50 - 已使用API次数: 1100/小时
2025-09-06 15:45:31,824 - getnode - INFO - main.py:38 - 总共发现 319 个节点文件
2025-09-06 15:45:31,825 - getnode - INFO - nodesjob.py:18 - 开始处理链接集合，共 319 个链接
2025-09-06 15:46:19,753 - getnode - INFO - nodesjob.py:74 - 链接处理完成。成功: 255, 失败: 64
2025-09-06 15:46:19,756 - getnode - WARNING - history_manager.py:15 - 历史配置文件不存在
2025-09-06 15:46:19,756 - getnode - INFO - history_manager.py:33 - 新节点：46282, 历史节点：0
2025-09-06 15:46:19,756 - getnode - INFO - nodesjob.py:560 - 开始保存节点结果到目录: output/all_subs
2025-09-06 15:46:20,152 - getnode - INFO - nodesjob.py:578 - 开始写入输出文件...
2025-09-06 15:46:40,889 - getnode - INFO - nodesjob.py:587 - 成功生成订阅文件，总节点数: 45836
2025-09-06 15:46:41,015 - getnode - INFO - main.py:79 - 
=== 文件处理统计 ===
• 扫描文件总数: 8910
• 因大小跳过:   213 (2.4%)
• 有效处理文件: 8697
=== 节点处理统计 ===
• 扫描节点总数: 87000
• 节点去重数:   40718
• 真实节点数:   46282

